// Vitest Snapshot v1, https://vitest.dev/guide/snapshot.html

exports[`TodoList > Show simple 1`] = `
"<section class="container mx-auto">
  <breadcrumbs-nav links="[object Object],[object Object],[object Object]"></breadcrumbs-nav>
  <h2 class="title">azerty</h2>
  <form class="form box">
    <div data-oruga="field" class="o-field">
      <!---->
      <div data-oruga="checkbox" class="o-checkbox"><input aria-labelledby="v-0-0" id="v-0-2" type="checkbox" data-oruga-input="checkbox" class="o-checkbox__input" true-value="true" false-value="false" autocomplete="off" aria-checked="false">
        <!---->
      </div>
      <div data-oruga="input" class="o-input o-input--expanded">
        <!----><input aria-labelledby="v-0-0" id="v-0-3" type="text" data-oruga-input="text" class="o-input__input o-input__input--placeholder" autocomplete="off">
        <!---->
        <!---->
      </div>
      <!---->
    </div><button data-oruga="button" type="submit" role="button" tabindex="0" class="o-button"><span class="o-button__wrapper"><!----><span class="o-button__label">Add a todo</span>
      <!----></span>
    </button>
  </form>
</section>"
`;
