// Vitest Snapshot v1, https://vitest.dev/guide/snapshot.html

exports[`TodoLists > Show simple 1`] = `
"<div class="container mx-auto">
  <breadcrumbs-nav links="[object Object],[object Object]"></breadcrumbs-nav>
  <section>
    <p>Create to-do lists for all the tasks you need to do, assign them and set due dates.</p>
    <form class="form">
      <div data-oruga="field" class="o-field"><label id="v-0-0" class="o-field__label" for="v-0-2">List title</label>
        <div data-oruga="input" class="o-input">
          <!----><input aria-labelledby="v-0-0" id="v-0-2" type="text" data-oruga-input="text" class="o-input__input o-input__input--placeholder" autocomplete="off">
          <!---->
          <!---->
        </div>
        <!---->
      </div><button data-oruga="button" type="submit" role="button" tabindex="0" class="o-button"><span class="o-button__wrapper"><!----><span class="o-button__label">Create a new list</span>
        <!----></span>
      </button>
    </form>
  </section>
</div>"
`;
