// Vitest Snapshot v1, https://vitest.dev/guide/snapshot.html

exports[`ProfilesView > Show simple 1`] = `
"<div data-v-7a3be82f="">
  <breadcrumbs-nav data-v-7a3be82f="" links="[object Object],[object Object]"></breadcrumbs-nav>
  <div data-v-7a3be82f="">
    <div data-v-7a3be82f="" class="flex gap-2"><label data-v-7a3be82f="" class="o-switch o-switch--right" data-oruga="switch" role="switch" aria-checked="true"><input type="checkbox" role="switch" data-oruga-input="switch" class="o-switch__input o-switch__input--checked" autocomplete="off" true-value="true" false-value="false"><span class="o-switch__check o-switch__check--checked o-switch--rounded"><span class="o-switch__check-switch o-switch--rounded"></span></span><span class="o-switch__label">Local</span></label><label data-v-7a3be82f="" class="o-switch o-switch--right" data-oruga="switch" role="switch" aria-checked="false"><input type="checkbox" role="switch" data-oruga-input="switch" class="o-switch__input" autocomplete="off" true-value="true" false-value="false"><span class="o-switch__check o-switch--rounded"><span class="o-switch__check-switch o-switch--rounded"></span></span><span class="o-switch__label">Suspended</span></label></div>
    <div data-v-7a3be82f="" class="o-table__root" data-oruga="table">
      <div style="display: none;"><span data-v-7a3be82f="" data-id="1" data-oruga="table-column">Username <!----></span><span data-v-7a3be82f="" data-id="2" data-oruga="table-column">Domain <!----></span></div>
      <!---->
      <!---->
      <div class="o-table__wrapper">
        <table class="o-table">
          <!---->
          <thead>
            <tr>
              <!---->
              <!---->
              <th class="o-table__th" draggable="false"><span>Username <span class="o-table__th__sort-icon" style="display: none;"><span class="o-icon o-icon--small" data-oruga="icon"><i class="mdi mdi-arrow-up"></i></span></span></span></th>
              <th class="o-table__th" draggable="false"><span>Domain <span class="o-table__th__sort-icon" style="display: none;"><span class="o-icon o-icon--small" data-oruga="icon"><i class="mdi mdi-arrow-up"></i></span></span></span></th>
              <!---->
            </tr>
            <tr>
              <!---->
              <!---->
              <th class="o-table__th"><span><div data-v-7a3be82f="" data-oruga="input" class="o-input__wrapper"><input aria-label="Filter" id="" data-oruga-input="text" type="text" class="o-input o-input--iconspace-left" autocomplete="off" placeholder="Filter"><span class="o-icon o-input__icon-left" data-oruga="icon"><i class="mdi mdi-magnify mdi-24px"></i></span>
                <!---->
                <!---->
      </div></span></th>
      <th class="o-table__th"><span><div data-v-7a3be82f="" data-oruga="input" class="o-input__wrapper"><input aria-label="Filter" id="" data-oruga-input="text" type="text" class="o-input o-input--iconspace-left" autocomplete="off" placeholder="Filter"><span class="o-icon o-input__icon-left" data-oruga="icon"><i class="mdi mdi-magnify mdi-24px"></i></span>
        <!---->
        <!---->
    </div></span></th>
    <!---->
    </tr>
    <!---->
    </thead>
    <tbody>
      <tr class="" draggable="false">
        <!---->
        <!---->
        <td class="o-table__td" data-label="Username"><a data-v-7a3be82f="" href="/settings/admin/profiles/1" class="profile">
            <article data-v-7a3be82f="" class="flex gap-2"><span data-v-7a3be82f="" aria-hidden="true" class="material-design-icon account-icon" role="img"><svg fill="currentColor" class="material-design-icon__svg" width="48" height="48" viewBox="0 0 24 24"><path d="M12,4A4,4 0 0,1 16,8A4,4 0 0,1 12,12A4,4 0 0,1 8,8A4,4 0 0,1 12,4M12,14C16.42,14 20,15.79 20,18V20H4V18C4,15.79 7.58,14 12,14Z"><!--v-if--></path></svg></span>
              <div data-v-7a3be82f="" class="">
                <div data-v-7a3be82f="" class="prose dark:prose-invert"><strong data-v-7a3be82f="">Mobilizon Anonymous Actor</strong><br data-v-7a3be82f=""><small data-v-7a3be82f="">@anonymous</small></div>
              </div>
            </article>
          </a></td>
        <td class="o-table__td" data-label="Domain"></td>
        <!---->
      </tr>
      <transition-stub name="slide" appear="false" persisted="false" css="true">
        <!---->
      </transition-stub>
      <!---->
      <tr class="" draggable="false">
        <!---->
        <!---->
        <td class="o-table__td" data-label="Username"><a data-v-7a3be82f="" href="/settings/admin/profiles/2" class="profile">
            <article data-v-7a3be82f="" class="flex gap-2"><span data-v-7a3be82f="" aria-hidden="true" class="material-design-icon account-icon" role="img"><svg fill="currentColor" class="material-design-icon__svg" width="48" height="48" viewBox="0 0 24 24"><path d="M12,4A4,4 0 0,1 16,8A4,4 0 0,1 12,12A4,4 0 0,1 8,8A4,4 0 0,1 12,4M12,14C16.42,14 20,15.79 20,18V20H4V18C4,15.79 7.58,14 12,14Z"><!--v-if--></path></svg></span>
              <div data-v-7a3be82f="" class="">
                <div data-v-7a3be82f="" class="prose dark:prose-invert"><strong data-v-7a3be82f="">Mobilizon</strong><br data-v-7a3be82f=""><small data-v-7a3be82f="">@mobilizon</small></div>
              </div>
            </article>
          </a></td>
        <td class="o-table__td" data-label="Domain"></td>
        <!---->
      </tr>
      <transition-stub name="slide" appear="false" persisted="false" css="true">
        <!---->
      </transition-stub>
      <!---->
      <tr class="" draggable="false">
        <!---->
        <!---->
        <td class="o-table__td" data-label="Username"><a data-v-7a3be82f="" href="/settings/admin/profiles/109687" class="profile">
            <article data-v-7a3be82f="" class="flex gap-2"><span data-v-7a3be82f="" aria-hidden="true" class="material-design-icon account-icon" role="img"><svg fill="currentColor" class="material-design-icon__svg" width="48" height="48" viewBox="0 0 24 24"><path d="M12,4A4,4 0 0,1 16,8A4,4 0 0,1 12,12A4,4 0 0,1 8,8A4,4 0 0,1 12,4M12,14C16.42,14 20,15.79 20,18V20H4V18C4,15.79 7.58,14 12,14Z"><!--v-if--></path></svg></span>
              <div data-v-7a3be82f="" class="">
                <div data-v-7a3be82f="" class="prose dark:prose-invert"><strong data-v-7a3be82f="">Example</strong><br data-v-7a3be82f=""><small data-v-7a3be82f="">@example</small></div>
              </div>
            </article>
          </a></td>
        <td class="o-table__td" data-label="Domain"></td>
        <!---->
      </tr>
      <transition-stub name="slide" appear="false" persisted="false" css="true">
        <!---->
      </transition-stub>
      <!---->
      <!---->
    </tbody>
    <!---->
    </table>
    <transition-stub name="fade" appear="false" persisted="false" css="true">
      <!---->
    </transition-stub>
  </div>
  <div class="o-table__pagination" per-page="10" total="3" rounded="false" size="small" simple="false" aria-next-label="Next page" aria-previous-label="Previous page" aria-page-label="Page" aria-current-label="Current page">
    <div></div>
    <div>
      <nav class="o-pag o-pag--right o-pag--small" data-oruga="pagination"><button role="button" tabindex="0" class="o-pag__link o-pag__previous o-pag__link--disabled" aria-label="Previous page" aria-current="false"><span class="o-icon" data-oruga="icon" aria-hidden="true"><i class="mdi mdi-chevron-left mdi-24px"></i></span></button><button role="button" tabindex="0" class="o-pag__link o-pag__next o-pag__link--disabled" aria-label="Next page" aria-current="false"><span class="o-icon" data-oruga="icon" aria-hidden="true"><i class="mdi mdi-chevron-right mdi-24px"></i></span></button>
        <ul class="o-pag__list">
          <!---->
          <!---->
          <li class="o-pag__item"><button role="button" tabindex="0" class="o-pag__link o-pag__link--current" aria-label="Current page, Page 1." aria-current="true">1</button></li>
          <!---->
          <!---->
        </ul>
      </nav>
    </div>
  </div>
</div>
</div>
</div>"
`;
