// Vitest Snapshot v1, https://vitest.dev/guide/snapshot.html

exports[`SendPasswordReset > Show simple 1`] = `
"<section class="container mx-auto">
  <h1>Forgot your password?</h1>
  <p>Enter your email address below, and we'll email you instructions on how to change your password.</p>
  <form>
    <div data-oruga="field" class="o-field o-field--filled"><label id="v-0" class="o-field__label" for="v-2">Email address</label>
      <div data-oruga="input" class="o-input o-input--expanded">
        <!----><input aria-labelledby="v-0" aria-required="true" required="" id="v-2" type="email" data-oruga-input="email" class="o-input__input" autocomplete="off">
        <!---->
        <!---->
      </div>
      <!---->
    </div>
    <p class="my-4 flex gap-2"><button data-oruga="button" type="submit" role="button" tabindex="0" class="o-button o-button--primary"><span class="o-button__wrapper"><!----><span class="o-button__label">Submit</span>
        <!----></span>
      </button><a href="/login" class="o-button o-button--text" data-oruga="button" role="button" tabindex="0"><span class="o-button__wrapper"><!----><span class="o-button__label">Cancel</span>
        <!----></span>
      </a></p>
  </form>
</section>"
`;

exports[`SendPasswordReset > Show simple 2`] = `
"<section class="container mx-auto">
  <h1>Forgot your password?</h1>
  <p>Enter your email address below, and we'll email you instructions on how to change your password.</p>
  <div>
    <transition-stub name="fade" appear="false" persisted="false" css="true">
      <article class="my-2 o-notification o-notification--success o-notification--top" closable="false" title="Success" data-oruga="notification">
        <!---->
        <div class="o-notification__wrapper">
          <!---->
          <div class="o-notification__content">We just sent an email to some@email.tld</div>
        </div>
      </article>
    </transition-stub>
    <transition-stub name="fade" appear="false" persisted="false" css="true">
      <article class="my-2 o-notification o-notification--info o-notification--top" data-oruga="notification">
        <!---->
        <div class="o-notification__wrapper">
          <!---->
          <div class="o-notification__content">Please check your spam folder if you didn't receive the email.</div>
        </div>
      </article>
    </transition-stub>
  </div>
</section>"
`;
