// Vitest Snapshot v1, https://vitest.dev/guide/snapshot.html

exports[`SendPasswordReset > Show simple 1`] = `
"<section class="container mx-auto">
  <h1>Forgot your password?</h1>
  <p>Enter your email address below, and we'll email you instructions on how to change your password.</p>
  <form>
    <div data-oruga="field" class="o-field o-field--filled"><label class="o-field__label" for="">Email address</label>
      <div class="o-field__body">
        <div class="o-field o-field--addons">
          <div data-oruga="input" class="o-input__wrapper o-input__wrapper--expanded"><input aria-required="true" required="" id="" data-oruga-input="email" type="email" class="o-input" autocomplete="off">
            <!---->
            <!---->
            <!---->
          </div>
        </div>
      </div>
      <!---->
    </div>
    <p class="my-4 flex gap-2"><button type="submit" class="o-btn o-btn--primary" role="button" data-oruga="button"><span class="o-btn__wrapper"><!----><span class="o-btn__label">Submit</span>
        <!----></span>
      </button><a href="/login" class="o-btn o-btn--text" role="button" data-oruga="button"><span class="o-btn__wrapper"><!----><span class="o-btn__label">Cancel</span>
        <!----></span>
      </a></p>
  </form>
</section>"
`;

exports[`SendPasswordReset > Show simple 2`] = `
"<section class="container mx-auto">
  <h1>Forgot your password?</h1>
  <p>Enter your email address below, and we'll email you instructions on how to change your password.</p>
  <div>
    <transition-stub name="fade" appear="false" persisted="false" css="true">
      <article class="my-2 o-notification o-notification--success o-notification--top" title="Success" data-oruga="notification">
        <!---->
        <div class="o-notification__wrapper">
          <!---->
          <div class="o-notification__content">We just sent an email to some@email.tld</div>
        </div>
      </article>
    </transition-stub>
    <transition-stub name="fade" appear="false" persisted="false" css="true">
      <article class="my-2 o-notification o-notification--info o-notification--top" data-oruga="notification">
        <!---->
        <div class="o-notification__wrapper">
          <!---->
          <div class="o-notification__content">Please check your spam folder if you didn't receive the email.</div>
        </div>
      </article>
    </transition-stub>
  </div>
</section>"
`;
