// Vitest Snapshot v1, https://vitest.dev/guide/snapshot.html

exports[`OrganizerPickerWrapper > Show simple 1`] = `
"<div class="bg-white dark:bg-violet-3 border border-gray-300 rounded-lg cursor-pointer">
  <!-- If we have a current actor (inline) -->
  <div class="" dir="auto">
    <div class="flex gap-1 p-4">
      <div class=""><span aria-hidden="true" class="material-design-icon account-circle-icon" role="img"><svg fill="currentColor" class="material-design-icon__svg" width="48" height="48" viewBox="0 0 24 24"><path d="M12,19.2C9.5,19.2 7.29,17.92 6,16C6.03,14 10,12.9 12,12.9C14,12.9 17.97,14 18,16C16.71,17.92 14.5,19.2 12,19.2M12,5A3,3 0 0,1 15,8A3,3 0 0,1 12,11A3,3 0 0,1 9,8A3,3 0 0,1 12,5M12,2A10,10 0 0,0 2,12A10,10 0 0,0 12,22A10,10 0 0,0 22,12C22,6.47 17.5,2 12,2Z"><!--v-if--></path></svg></span></div>
      <div class="flex-1">
        <p class="">Sigmund</p>
        <p class="">@hello</p>
      </div><button type="button" class="o-btn" role="button" data-oruga="button"><span class="o-btn__wrapper"><!----><span class="o-btn__label">Change</span>
        <!----></span>
      </button>
    </div>
  </div>
  <!--teleport start-->
  <transition-stub name="zoom-out" appear="false" persisted="false" css="true">
    <div has-modal-card="" close-button-aria-label="Close" data-oruga="modal" class="o-modal" tabindex="-1" aria-modal="false" style="display: none;">
      <div class="o-modal__overlay" tabindex="-1" aria-hidden="true"></div>
      <div class="o-modal__content" style="max-width: 960px;">
        <div class="p-2 rounded">
          <header class="">
            <h2 class="">Pick a profile or a group</h2>
          </header>
          <section class="">
            <div class="flex flex-wrap gap-2 items-center flex-col lg:flex-row">
              <div class="max-h-[400px] overflow-y-auto flex-1 w-full">
                <!--v-if-->
              </div>
              <div class="pl-2 max-h-[400px] overflow-y-auto">
                <div class="">
                  <p>Your profile will be shown as contact.</p>
                </div>
              </div>
            </div>
          </section>
          <footer class="my-2 text-center sm:text-right"><button type="button" class="o-btn o-btn--primary w-full sm:w-auto" role="button" data-oruga="button"><span class="o-btn__wrapper"><!----><span class="o-btn__label">Pick</span>
              <!----></span>
            </button></footer>
        </div><span class="o-icon o-icon--clickable o-icon--medium o-modal__close" data-oruga="icon" style="display: none;"><i class="mdi mdi-close mdi-36px"></i></span>
      </div>
    </div>
  </transition-stub>
  <!--teleport end-->
</div>"
`;
